// Jest Snapshot v1, https://goo.gl/fbAQLP

exports[`blog/components/BlogCategory Default play-test 1`] = `
<script nonce>
  ((e,i,s,u,m,a,l,h)=>{let d=document.documentElement,w=["light","dark"];function p(n){(Array.isArray(e)?e:[e]).forEach(y=>{let k=y==="class",S=k&&a?m.map(f=>a[f]||f):m;k?(d.classList.remove(...S),d.classList.add(a&&a[n]?a[n]:n)):d.setAttribute(y,n)}),R(n)}function R(n){h&&w.includes(n)&&(d.style.colorScheme=n)}function c(){return window.matchMedia("(prefers-color-scheme: dark)").matches?"dark":"light"}if(u)p(u);else try{let n=localStorage.getItem(i)||s,y=l&&n==="system"?c():n;p(y)}catch(n){}})("class","theme","light",null,["light","dark"],null,false,true)
</script>
<a class="group inline-flex items-center gap-2 text-primary-700 opacity-80 transition-colors hover:opacity-100 dark:text-primary-300"
   href="/blog?category=tech"
>
  <svg stroke="currentColor"
       fill="currentColor"
       stroke-width="0"
       viewbox="0 0 512 512"
       class="transform text-current group-hover:hidden"
       height="1em"
       width="1em"
       xmlns="http://www.w3.org/2000/svg"
  >
    <path d="M448 480L64 480c-35.3 0-64-28.7-64-64L0 192l512 0 0 224c0 35.3-28.7 64-64 64zm64-320L0 160 0 96C0 60.7 28.7 32 64 32l128 0c20.1 0 39.1 9.5 51.2 25.6l19.2 25.6c6 8.1 15.5 12.8 25.6 12.8l160 0c35.3 0 64 28.7 64 64z">
    </path>
  </svg>
  <svg stroke="currentColor"
       fill="currentColor"
       stroke-width="0"
       viewbox="0 0 576 512"
       class="hidden transform text-current group-hover:block group-hover:m-0"
       height="1em"
       width="1em"
       xmlns="http://www.w3.org/2000/svg"
  >
    <path d="M88.7 223.8L0 375.8 0 96C0 60.7 28.7 32 64 32l117.5 0c17 0 33.3 6.7 45.3 18.7l26.5 26.5c12 12 28.3 18.7 45.3 18.7L416 96c35.3 0 64 28.7 64 64l0 32-336 0c-22.8 0-43.8 12.1-55.3 31.8zm27.6 16.1C122.1 230 132.6 224 144 224l400 0c11.5 0 22 6.1 27.7 16.1s5.7 22.2-.1 32.1l-112 192C453.9 474 443.4 480 432 480L32 480c-11.5 0-22-6.1-27.7-16.1s-5.7-22.2 .1-32.1l112-192z">
    </path>
  </svg>
  <span>
    Tech
  </span>
</a>
`;
